
--------- Wed May  6 11:15:25 2026

R version 4.4.1 (2024-06-14)
	R_LIBS      = 
	R_LIBS_USER = /gpfs/home/xiangyyang/R/x86_64-conda-linux-gnu-library/4.4
	calibrar version 0.9.0.9008 loaded.
	osmose version 4.4.1.9033 loaded.

Using nodes: xm093

Copying OSMOSE executable: TRUE
Running calibration in parallel with 96 cores.
Running calibration with 23 cores, OSMOSE is using 4 cores per simulation.
Loading required package: doParallel
Loading required package: foreach
Loading required package: iterators
Loading required package: parallel
Using doParallel for parallelisation (PSOCK).
Loading calibrar in the cluster...
Loading OSMOSE in the cluster...

Starting calibration from phase 1.

Using 'master' directory: master
Using 'run' directory: ../.run_calibration_0506
Parameter estimation in three phases.

- Phase 1: 41 out of 758 parameters are currently active.
	Started at Wed May  6 11:15:31 2026.

	Using optimization method 'AHR-ES'.
Optimizing 'popsize' to work with 23 cores...
	Optimal population size (15) has been increased to 23.

Generation   1 finished (4m 16.0s)
   Function value = 68677.29547

Generation   2 finished (4m 30.0s)
   Function value = 88938.02454

Generation   3 finished (4m 26.9s)
   Function value = 100892.2948

Generation   4 finished (4m 27.1s)
   Function value = 88398.03334

Generation   5 finished (5m 1.0s)
   Function value = 118484.8455

Generation   6 finished (3m 54.2s)
   Function value = 92266.49987

Generation   7 finished (4m 31.5s)
   Function value = 115392.2838

Generation   8 finished (4m 24.7s)
   Function value = 98845.31917

Generation   9 finished (5m 2.8s)
   Function value = 81576.34931

Generation  10 finished (4m 40.1s)
   Function value = 88866.89061

Generation  11 finished (4m 37.8s)
   Function value = 81906.14512

Generation  12 finished (4m 57.1s)
   Function value = 98185.28786

Generation  13 finished (4m 38.6s)
   Function value = 99948.40646

Generation  14 finished (4m 40.3s)
   Function value = 96302.65279

Generation  15 finished (4m 32.7s)
   Function value = 101648.4717

Generation  16 finished (4m 32.8s)
   Function value = 104947.9976

Generation  17 finished (4m 44.5s)
   Function value = 99614.85555

Generation  18 finished (4m 34.6s)
   Function value = 92101.84712

Generation  19 finished (5m 12.2s)
   Function value = 90623.23525

Generation  20 finished (4m 42.0s)
   Function value = 92870.98154

Generation  21 finished (4m 55.3s)
   Function value = 90632.74045

Generation  22 finished (4m 52.7s)
   Function value = 95350.2296

Generation  23 finished (4m 44.1s)
   Function value = 94909.58349

Generation  24 finished (4m 54.6s)
   Function value = 99133.62941

Generation  25 finished (5m 30.3s)
   Function value = 98260.71245

Generation  26 finished (5m 17.1s)
   Function value = 93920.3785

Generation  27 finished (5m 4.0s)
   Function value = 87541.55446

Generation  28 finished (4m 55.3s)
   Function value = 77993.19421

Generation  29 finished (5m 36.5s)
   Function value = 82567.24572

Generation  30 finished (4m 43.7s)
   Function value = 84808.03174

Generation  31 finished (5m 40.4s)
   Function value = 81917.14776

Generation  32 finished (4m 59.8s)
   Function value = 84024.30713

Generation  33 finished (5m 29.2s)
   Function value = 89841.93772

Generation  34 finished (5m 34.7s)
   Function value = 85640.70633

Generation  35 finished (4m 59.4s)
   Function value = 77302.53136

Generation  36 finished (4m 45.8s)
   Function value = 79477.94611

Generation  37 finished (4m 46.5s)
   Function value = 88672.58782

Generation  38 finished (4m 55.7s)
   Function value = 78246.96541

Generation  39 finished (4m 46.2s)
   Function value = 73073.95369

Generation  40 finished (5m 36.0s)
   Function value = 77257.09012

Generation  41 finished (5m 17.9s)
   Function value = 78780.22381

Generation  42 finished (5m 17.0s)
   Function value = 79656.7137

Generation  43 finished (5m 25.5s)
   Function value = 77306.87673

Generation  44 finished (4m 49.9s)
   Function value = 77458.17952

Generation  45 finished (5m 6.0s)
   Function value = 71732.85012

Generation  46 finished (5m 18.1s)
   Function value = 73253.41077

Generation  47 finished (5m 1.4s)
   Function value = 72021.98653

Generation  48 finished (5m 14.4s)
   Function value = 71440.89327

Generation  49 finished (5m 0.9s)
   Function value = 64795.07896

Generation  50 finished (5m 23.5s)
   Function value = 67549.35944

Generation  51 finished (4m 51.9s)
   Function value = 68766.8592

Generation  52 finished (5m 44.2s)
   Function value = 68959.93415

Generation  53 finished (4m 59.3s)
   Function value = 70551.01106

Generation  54 finished (5m 35.8s)
   Function value = 69027.07411

Generation  55 finished (5m 9.4s)
   Function value = 82399.34514

Generation  56 finished (5m 10.7s)
   Function value = 69993.78165

Generation  57 finished (5m 29.2s)
   Function value = 78581.75385

Generation  58 finished (5m 19.9s)
   Function value = 67445.98961

Generation  59 finished (5m 41.2s)
   Function value = 68427.47101

Generation  60 finished (5m 26.1s)
   Function value = 76107.68403

Generation  61 finished (4m 47.8s)
   Function value = 71680.45443

Generation  62 finished (4m 59.8s)
   Function value = 74309.72052

Generation  63 finished (5m 14.3s)
   Function value = 75178.03551

Generation  64 finished (5m 24.9s)
   Function value = 67024.07059

Generation  65 finished (5m 22.5s)
   Function value = 66890.84764

Generation  66 finished (5m 27.7s)
   Function value = 74899.2394

Generation  67 finished (4m 51.3s)
   Function value = 67953.30996

Generation  68 finished (5m 11.5s)
   Function value = 69042.17174

Generation  69 finished (5m 46.2s)
   Function value = 69416.3

Generation  70 finished (5m 8.7s)
   Function value = 66657.28164

Generation  71 finished (5m 10.8s)
   Function value = 64822.00302

Generation  72 finished (5m 12.8s)
   Function value = 66671.24118

Generation  73 finished (5m 43.6s)
   Function value = 63354.05929

Generation  74 finished (5m 8.2s)
   Function value = 66124.5307

Generation  75 finished (5m 15.5s)
   Function value = 61390.43735

Generation  76 finished (5m 25.9s)
   Function value = 65298.13079

Generation  77 finished (4m 49.4s)
   Function value = 65732.00072

Generation  78 finished (4m 44.9s)
   Function value = 63980.26397

Generation  79 finished (5m 40.4s)
   Function value = 63731.26411

Generation  80 finished (5m 46.4s)
   Function value = 65036.57524

Generation  81 finished (5m 46.8s)
   Function value = 68201.36648

Generation  82 finished (6m 2.5s)
   Function value = 65331.04042

Generation  83 finished (4m 55.0s)
   Function value = 61252.40135

Generation  84 finished (5m 38.6s)
   Function value = 65270.24823

Generation  85 finished (5m 42.0s)
   Function value = 65139.58517

Generation  86 finished (5m 3.4s)
   Function value = 69237.72315

Generation  87 finished (5m 6.8s)
   Function value = 63980.43489

Generation  88 finished (5m 22.7s)
   Function value = 66905.26326

Generation  89 finished (5m 17.3s)
   Function value = 66963.82145

Generation  90 finished (5m 11.6s)
   Function value = 66760.57182

Generation  91 finished (4m 50.8s)
   Function value = 66789.6455

Generation  92 finished (5m 14.4s)
   Function value = 67223.3809

Generation  93 finished (4m 54.0s)
   Function value = 64521.39119

Generation  94 finished (4m 55.7s)
   Function value = 64073.94002

Generation  95 finished (5m 41.3s)
   Function value = 65610.44236

Generation  96 finished (5m 38.5s)
   Function value = 67390.79788

Generation  97 finished (5m 23.1s)
   Function value = 70746.20475

Generation  98 finished (5m 27.8s)
   Function value = 63072.95475

Generation  99 finished (5m 8.2s)
   Function value = 68755.80426

Generation 100 finished (5m 25.0s)
   Function value = 67121.88513

Generation 101 finished (5m 25.8s)
   Function value = 62937.44926

Generation 102 finished (5m 53.7s)
   Function value = 63556.21842

Generation 103 finished (5m 12.3s)
   Function value = 62475.61726

Generation 104 finished (5m 25.3s)
   Function value = 62426.15498

Generation 105 finished (5m 6.8s)
   Function value = 64801.00833

Generation 106 finished (5m 31.6s)
   Function value = 61696.59333

Generation 107 finished (4m 58.1s)
   Function value = 63448.7644

Generation 108 finished (5m 32.2s)
   Function value = 64790.69322

Generation 109 finished (5m 26.2s)
   Function value = 64986.82256

Generation 110 finished (5m 35.7s)
   Function value = 62480.197

Generation 111 finished (5m 32.6s)
   Function value = 64365.39155

Generation 112 finished (4m 52.4s)
   Function value = 64485.99432

Generation 113 finished (5m 11.1s)
   Function value = 63926.2156

Generation 114 finished (5m 30.6s)
   Function value = 60668.80435

Generation 115 finished (5m 29.6s)
   Function value = 61432.90906

Generation 116 finished (5m 39.0s)
   Function value = 63041.36988

Generation 117 finished (4m 57.9s)
   Function value = 61048.19066

Generation 118 finished (5m 41.3s)
   Function value = 59699.68951

Generation 119 finished (5m 11.3s)
   Function value = 62383.9883

Generation 120 finished (5m 36.7s)
   Function value = 60978.06543

Generation 121 finished (5m 27.5s)
   Function value = 62195.25701

Generation 122 finished (5m 13.7s)
   Function value = 61418.95941

Generation 123 finished (5m 40.0s)
   Function value = 60412.86164

Generation 124 finished (5m 18.5s)
   Function value = 61319.71699

Generation 125 finished (5m 15.2s)
   Function value = 60395.94747

Generation 126 finished (5m 30.6s)
   Function value = 63908.05195

Generation 127 finished (5m 52.7s)
   Function value = 61910.82433

Generation 128 finished (5m 19.7s)
   Function value = 59856.23825

Generation 129 finished (5m 35.1s)
   Function value = 62464.56346

Generation 130 finished (4m 59.7s)
   Function value = 59873.80813

Generation 131 finished (5m 30.4s)
   Function value = 59530.9232

Generation 132 finished (5m 21.3s)
   Function value = 61027.36507

Generation 133 finished (4m 48.8s)
   Function value = 61373.88986

Generation 134 finished (5m 14.9s)
   Function value = 58163.72739

Generation 135 finished (5m 27.4s)
   Function value = 59949.69187

Generation 136 finished (4m 39.7s)
   Function value = 57092.68431

Generation 137 finished (5m 24.6s)
   Function value = 58455.78701

Generation 138 finished (5m 30.1s)
   Function value = 59465.7535

Generation 139 finished (5m 28.7s)
   Function value = 58956.686

Generation 140 finished (5m 30.2s)
   Function value = 59372.68188

Generation 141 finished (5m 22.5s)
   Function value = 57899.6398

Generation 142 finished (5m 18.0s)
   Function value = 56489.93487

Generation 143 finished (5m 12.0s)
   Function value = 62835.66329

Generation 144 finished (5m 32.1s)
   Function value = 61517.27996

Generation 145 finished (5m 19.9s)
   Function value = 59235.31157

Generation 146 finished (5m 28.9s)
   Function value = 58019.3481

Generation 147 finished (5m 15.4s)
   Function value = 59662.67669

Generation 148 finished (4m 56.9s)
   Function value = 61955.71365

Generation 149 finished (4m 38.6s)
   Function value = 58714.76566

Generation 150 finished (5m 21.6s)
   Function value = 61720.30887

Generation 151 finished (5m 20.9s)
   Function value = 60912.48908

Generation 152 finished (5m 13.9s)
   Function value = 60576.26159

Generation 153 finished (4m 38.3s)
   Function value = 63488.47633

Generation 154 finished (5m 19.1s)
   Function value = 59047.0557

Generation 155 finished (5m 20.6s)
   Function value = 61638.79056

Generation 156 finished (5m 19.7s)
   Function value = 60542.44798

Generation 157 finished (5m 17.0s)
   Function value = 59565.63498

Generation 158 finished (5m 28.0s)
   Function value = 58522.42698

Generation 159 finished (5m 36.4s)
   Function value = 59717.31628

Generation 160 finished (5m 15.5s)
   Function value = 58649.68435

Generation 161 finished (5m 47.0s)
   Function value = 59894.89334

Generation 162 finished (5m 53.4s)
   Function value = 61048.10245

Generation 163 finished (5m 27.3s)
   Function value = 62134.98427

Generation 164 finished (5m 25.9s)
   Function value = 61564.65321

Generation 165 finished (5m 11.8s)
   Function value = 62072.44126

Generation 166 finished (5m 20.0s)
   Function value = 60123.33187

Generation 167 finished (4m 54.3s)
   Function value = 59035.9728

Generation 168 finished (5m 42.7s)
   Function value = 62143.94282

Generation 169 finished (5m 39.2s)
   Function value = 61581.29621

Generation 170 finished (5m 26.3s)
   Function value = 61856.9495

Generation 171 finished (5m 49.4s)
   Function value = 60623.24213

Generation 172 finished (5m 51.8s)
   Function value = 60065.82485

Generation 173 finished (5m 21.8s)
   Function value = 60114.81936

Generation 174 finished (5m 7.5s)
   Function value = 59440.13727

Generation 175 finished (5m 10.1s)
   Function value = 59103.66781

Generation 176 finished (5m 42.7s)
   Function value = 56037.34482

Generation 177 finished (5m 30.9s)
   Function value = 61276.69576

Generation 178 finished (4m 46.7s)
   Function value = 59318.92202

Generation 179 finished (5m 20.4s)
   Function value = 59507.46251

Generation 180 finished (5m 13.8s)
   Function value = 57588.59633

Generation 181 finished (5m 21.4s)
   Function value = 59278.63631

Generation 182 finished (5m 32.4s)
   Function value = 60438.82397

Generation 183 finished (5m 41.7s)
   Function value = 55790.78005

Generation 184 finished (5m 43.5s)
   Function value = 61226.01066

Generation 185 finished (4m 37.8s)
   Function value = 58118.3398

Generation 186 finished (5m 9.9s)
   Function value = 59226.2701

Generation 187 finished (4m 51.1s)
   Function value = 58891.04733

Generation 188 finished (5m 10.4s)
   Function value = 59031.51943

Generation 189 finished (5m 31.9s)
   Function value = 55437.14671

Generation 190 finished (5m 43.9s)
   Function value = 57984.30485

Generation 191 finished (5m 16.1s)
   Function value = 59061.7128

Generation 192 finished (5m 35.1s)
   Function value = 60093.35314

Generation 193 finished (5m 1.3s)
   Function value = 58795.64398

Generation 194 finished (5m 14.4s)
   Function value = 58941.74795

Generation 195 finished (5m 37.2s)
   Function value = 60811.46872

Generation 196 finished (5m 27.8s)
   Function value = 62414.77852

Generation 197 finished (6m 3.9s)
   Function value = 58733.00015

Generation 198 finished (5m 35.6s)
   Function value = 61751.45133

Generation 199 finished (5m 48.7s)
   Function value = 58204.51891

Generation 200 finished (4m 56.5s)
   Function value = 58449.39992

	Phase 1 finished (17h 34m 14.4s)
	Function value: 74718.4
	Parameter values: -8.07 -0.897 5.42 -1.67 -3.37 -1.45 4.51 7.88 -2.86 0.416 -0.279 -2.03 -1.46 -2.81 -1.51 -0.874 -2.79 0.127 -1.49 -1.1 -0.451 -2 -2.1 -1.81 -1.08 0.661 -0.101 1.61 0.219 2.54 2.74 1.46 -0.114 0.826 2.03 0.936 -0.197 1.15 1.37 1.79 1.48

- Phase 2: 58 out of 758 parameters are currently active.
	Started at Thu May  7 04:53:23 2026.

	Using optimization method 'AHR-ES'.
Optimizing 'popsize' to work with 23 cores...
	Optimal population size (16) has been increased to 23.

Generation   1 finished (4m 24.6s)
   Function value = 74608.02894

Generation   2 finished (5m 5.3s)
   Function value = 80542.57515

Generation   3 finished (5m 2.5s)
   Function value = 71508.24924

Generation   4 finished (3m 59.7s)
   Function value = 107333.3611

Generation   5 finished (4m 8.1s)
   Function value = 98216.58954

Generation   6 finished (3m 52.2s)
   Function value = 93053.03414

Generation   7 finished (4m 22.4s)
   Function value = 94861.1122

Generation   8 finished (4m 40.4s)
   Function value = 96368.2918

Generation   9 finished (4m 42.5s)
   Function value = 102570.8608

Generation  10 finished (3m 55.4s)
   Function value = 91042.93136

Generation  11 finished (4m 56.5s)
   Function value = 80135.07349

Generation  12 finished (4m 41.1s)
   Function value = 86382.25403

Generation  13 finished (4m 37.8s)
   Function value = 88694.12873

Generation  14 finished (5m 3.2s)
   Function value = 93508.9815

Generation  15 finished (4m 55.9s)
   Function value = 92065.96466

Generation  16 finished (5m 3.3s)
   Function value = 89761.58248

Generation  17 finished (4m 47.9s)
   Function value = 91671.76878

Generation  18 finished (5m 6.7s)
   Function value = 90733.27816

Generation  19 finished (4m 51.6s)
   Function value = 92395.47482

Generation  20 finished (5m 3.9s)
   Function value = 91706.1266

Generation  21 finished (5m 11.8s)
   Function value = 75292.08858

Generation  22 finished (4m 47.7s)
   Function value = 86662.82441

Generation  23 finished (5m 8.5s)
   Function value = 84410.12395

Generation  24 finished (5m 2.9s)
   Function value = 86929.43458

Generation  25 finished (4m 46.2s)
   Function value = 85897.19676

Generation  26 finished (4m 55.5s)
   Function value = 77904.79551

Generation  27 finished (4m 48.9s)
   Function value = 75076.19392

Generation  28 finished (5m 9.2s)
   Function value = 68198.54157

Generation  29 finished (5m 30.5s)
   Function value = 67385.16374

Generation  30 finished (5m 14.3s)
   Function value = 73161.77351

Generation  31 finished (5m 12.6s)
   Function value = 74341.68115

Generation  32 finished (5m 20.1s)
   Function value = 67080.69746

Generation  33 finished (5m 14.1s)
   Function value = 68884.38957

Generation  34 finished (4m 40.7s)
   Function value = 64805.74087

Generation  35 finished (4m 32.9s)
   Function value = 74632.07069

Generation  36 finished (4m 21.0s)
   Function value = 70950.75681

Generation  37 finished (4m 59.4s)
   Function value = 67708.0312

Generation  38 finished (4m 19.5s)
   Function value = 71039.27699

Generation  39 finished (5m 18.7s)
   Function value = 72175.96043

Generation  40 finished (5m 21.0s)
   Function value = 77045.53837

Generation  41 finished (4m 53.7s)
   Function value = 69656.92096

Generation  42 finished (4m 55.8s)
   Function value = 71022.8739

Generation  43 finished (4m 34.5s)
   Function value = 69847.16278

Generation  44 finished (5m 22.1s)
   Function value = 67825.06799

Generation  45 finished (5m 28.9s)
   Function value = 71925.33533

Generation  46 finished (5m 12.0s)
   Function value = 63790.38235

Generation  47 finished (5m 44.2s)
   Function value = 71869.18437

Generation  48 finished (5m 9.6s)
   Function value = 66976.74151

Generation  49 finished (5m 21.3s)
   Function value = 65391.38168

Generation  50 finished (4m 49.0s)
   Function value = 65932.76601

Generation  51 finished (5m 3.0s)
   Function value = 67702.78234

Generation  52 finished (5m 25.6s)
   Function value = 73223.09262

Generation  53 finished (4m 40.8s)
   Function value = 66659.08845

Generation  54 finished (5m 4.0s)
   Function value = 69832.38778

Generation  55 finished (5m 17.8s)
   Function value = 68159.94982

Generation  56 finished (4m 41.6s)
   Function value = 72289.22699

Generation  57 finished (4m 49.0s)
   Function value = 69529.82673

Generation  58 finished (5m 6.2s)
   Function value = 71587.40091

Generation  59 finished (4m 44.4s)
   Function value = 66167.01404

Generation  60 finished (4m 47.6s)
   Function value = 76168.60782

Generation  61 finished (5m 10.9s)
   Function value = 68621.38022

Generation  62 finished (4m 36.9s)
   Function value = 69489.52329

Generation  63 finished (4m 56.1s)
   Function value = 62451.0233

Generation  64 finished (4m 59.5s)
   Function value = 62260.88059

Generation  65 finished (5m 32.7s)
   Function value = 67557.77274

Generation  66 finished (5m 40.1s)
   Function value = 64342.57783

Generation  67 finished (4m 60.0s)
   Function value = 64416.4319

Generation  68 finished (4m 40.7s)
   Function value = 66554.93652

Generation  69 finished (5m 18.7s)
   Function value = 65137.22666

Generation  70 finished (4m 30.6s)
   Function value = 66557.68064

Generation  71 finished (5m 21.4s)
   Function value = 63435.70528

Generation  72 finished (4m 59.8s)
   Function value = 63808.30123

Generation  73 finished (5m 19.5s)
   Function value = 65503.62559

Generation  74 finished (4m 51.9s)
   Function value = 63256.73402

Generation  75 finished (5m 8.8s)
   Function value = 67767.2057

Generation  76 finished (4m 50.3s)
   Function value = 69200.94923

Generation  77 finished (5m 10.5s)
   Function value = 62118.18479

Generation  78 finished (4m 56.5s)
   Function value = 60770.51667

Generation  79 finished (5m 15.7s)
   Function value = 58787.7008

Generation  80 finished (4m 58.4s)
   Function value = 62460.70454

Generation  81 finished (4m 38.5s)
   Function value = 59285.02258

Generation  82 finished (5m 5.4s)
   Function value = 60519.90606

Generation  83 finished (5m 31.7s)
   Function value = 62828.86309

Generation  84 finished (5m 12.9s)
   Function value = 62233.43119

Generation  85 finished (4m 52.3s)
   Function value = 62730.05875

Generation  86 finished (4m 59.8s)
   Function value = 58835.89861

Generation  87 finished (5m 16.9s)
   Function value = 63629.17462

Generation  88 finished (5m 4.4s)
   Function value = 57513.72221

Generation  89 finished (5m 20.2s)
   Function value = 61475.69696

Generation  90 finished (5m 14.7s)
   Function value = 61281.13412

Generation  91 finished (4m 41.8s)
   Function value = 63937.59395

Generation  92 finished (5m 16.2s)
   Function value = 62686.84914

Generation  93 finished (4m 50.8s)
   Function value = 61931.08912

Generation  94 finished (4m 44.0s)
   Function value = 62248.44252

Generation  95 finished (5m 16.4s)
   Function value = 61202.73029

Generation  96 finished (4m 51.5s)
   Function value = 59500.05629

Generation  97 finished (5m 20.0s)
   Function value = 61599.21027

Generation  98 finished (5m 6.0s)
   Function value = 63388.28341

Generation  99 finished (5m 46.2s)
   Function value = 63469.52819

Generation 100 finished (4m 53.8s)
   Function value = 62568.20497

Generation 101 finished (5m 23.4s)
   Function value = 65044.47679

Generation 102 finished (5m 22.7s)
   Function value = 58258.04575

Generation 103 finished (5m 5.0s)
   Function value = 61549.49094

Generation 104 finished (5m 2.8s)
   Function value = 60386.49502

Generation 105 finished (4m 58.8s)
   Function value = 59937.15848

Generation 106 finished (5m 7.6s)
   Function value = 61584.52566

Generation 107 finished (4m 50.3s)
   Function value = 61924.71533

Generation 108 finished (5m 34.1s)
   Function value = 61143.95131

Generation 109 finished (4m 37.4s)
   Function value = 61753.03242

Generation 110 finished (4m 51.6s)
   Function value = 62292.56679

Generation 111 finished (4m 48.6s)
   Function value = 60603.16828

Generation 112 finished (4m 55.7s)
   Function value = 60109.8806

Generation 113 finished (4m 56.6s)
   Function value = 63977.27522

Generation 114 finished (5m 33.8s)
   Function value = 60339.93483

Generation 115 finished (5m 33.6s)
   Function value = 61240.04358

Generation 116 finished (5m 38.1s)
   Function value = 58120.31604

Generation 117 finished (5m 17.3s)
   Function value = 59871.59313

Generation 118 finished (5m 7.1s)
   Function value = 61806.21096

Generation 119 finished (5m 3.3s)
   Function value = 65382.60744

Generation 120 finished (4m 53.3s)
   Function value = 62172.8734

Generation 121 finished (5m 8.9s)
   Function value = 61796.76055

Generation 122 finished (5m 0.6s)
   Function value = 61451.42475

Generation 123 finished (5m 26.1s)
   Function value = 61575.09679

Generation 124 finished (5m 11.8s)
   Function value = 61238.61176

Generation 125 finished (4m 29.0s)
   Function value = 62269.87771

Generation 126 finished (5m 11.0s)
   Function value = 60431.19936

Generation 127 finished (5m 4.2s)
   Function value = 61581.81504

Generation 128 finished (5m 25.8s)
   Function value = 61826.81023

Generation 129 finished (5m 3.0s)
   Function value = 60151.88965

Generation 130 finished (5m 13.6s)
   Function value = 58209.5142

Generation 131 finished (5m 27.4s)
   Function value = 58358.46494

Generation 132 finished (4m 56.3s)
   Function value = 61323.29119

Generation 133 finished (5m 23.5s)
   Function value = 62575.94696

Generation 134 finished (4m 29.5s)
   Function value = 60922.82884

Generation 135 finished (5m 9.9s)
   Function value = 60869.43397

Generation 136 finished (5m 4.5s)
   Function value = 63294.67478

Generation 137 finished (4m 42.3s)
   Function value = 59040.75473

Generation 138 finished (4m 49.1s)
   Function value = 59362.81387

Generation 139 finished (5m 13.7s)
   Function value = 60577.89416

Generation 140 finished (5m 10.4s)
   Function value = 59805.9551

Generation 141 finished (4m 42.3s)
   Function value = 61133.03217

Generation 142 finished (4m 43.6s)
   Function value = 58771.13508

Generation 143 finished (5m 4.0s)
   Function value = 58325.36863

Generation 144 finished (5m 20.1s)
   Function value = 59593.44381

Generation 145 finished (5m 27.4s)
   Function value = 59747.09326

Generation 146 finished (5m 30.8s)
   Function value = 61531.08065

Generation 147 finished (5m 35.8s)
   Function value = 60954.49959

Generation 148 finished (5m 17.6s)
   Function value = 60037.02667

Generation 149 finished (5m 8.3s)
   Function value = 58472.78414

Generation 150 finished (4m 56.8s)
   Function value = 60908.69163

Generation 151 finished (5m 17.2s)
   Function value = 58822.60048

Generation 152 finished (5m 14.4s)
   Function value = 59188.70332

Generation 153 finished (5m 33.8s)
   Function value = 60195.372

Generation 154 finished (4m 36.1s)
   Function value = 58479.03673

Generation 155 finished (5m 15.2s)
   Function value = 59010.58228

Generation 156 finished (5m 26.3s)
   Function value = 56198.10324

Generation 157 finished (5m 19.0s)
   Function value = 60397.54757

Generation 158 finished (4m 54.6s)
   Function value = 59172.87211

Generation 159 finished (5m 16.8s)
   Function value = 61832.8187

Generation 160 finished (5m 22.0s)
   Function value = 60488.20439

Generation 161 finished (5m 17.1s)
   Function value = 61354.30446

Generation 162 finished (5m 22.4s)
   Function value = 61244.21151

Generation 163 finished (5m 20.9s)
   Function value = 58835.7507

Generation 164 finished (4m 54.1s)
   Function value = 59847.2717

Generation 165 finished (5m 19.4s)
   Function value = 58800.84832

Generation 166 finished (5m 14.9s)
   Function value = 60023.55742

Generation 167 finished (4m 45.2s)
   Function value = 60425.98064

Generation 168 finished (5m 4.3s)
   Function value = 58440.43018

Generation 169 finished (5m 11.2s)
   Function value = 59777.5181

Generation 170 finished (4m 59.4s)
   Function value = 61673.40466

Generation 171 finished (5m 17.4s)
   Function value = 58151.22939

Generation 172 finished (5m 20.2s)
   Function value = 61348.81731

Generation 173 finished (4m 37.5s)
   Function value = 61099.28135

Generation 174 finished (4m 48.8s)
   Function value = 61143.69114

Generation 175 finished (5m 34.0s)
   Function value = 59009.76247

Generation 176 finished (4m 46.8s)
   Function value = 58517.62768

Generation 177 finished (5m 21.4s)
   Function value = 60758.39225

Generation 178 finished (5m 35.8s)
   Function value = 59810.28459

Generation 179 finished (5m 16.4s)
   Function value = 57966.8845

Generation 180 finished (4m 54.0s)
   Function value = 59359.19764

Generation 181 finished (5m 10.5s)
   Function value = 59935.9067

Generation 182 finished (5m 24.7s)
   Function value = 60962.75158

Generation 183 finished (5m 28.3s)
   Function value = 60440.65733

Generation 184 finished (4m 56.8s)
   Function value = 61258.33941

Generation 185 finished (5m 32.2s)
   Function value = 58589.21684

Generation 186 finished (5m 18.0s)
   Function value = 60983.88347

Generation 187 finished (5m 7.7s)
   Function value = 59699.07396

Generation 188 finished (5m 20.5s)
   Function value = 59611.68892

Generation 189 finished (5m 38.6s)
   Function value = 61833.35943

Generation 190 finished (5m 27.7s)
   Function value = 59910.62827

Generation 191 finished (5m 5.9s)
   Function value = 59277.97527

Generation 192 finished (5m 27.5s)
   Function value = 59581.79753

Generation 193 finished (5m 30.0s)
   Function value = 57960.30942

Generation 194 finished (4m 55.2s)
   Function value = 59597.5234

Generation 195 finished (5m 16.3s)
   Function value = 59688.85871

Generation 196 finished (5m 0.4s)
   Function value = 59037.53846

Generation 197 finished (4m 45.5s)
   Function value = 60144.74698

Generation 198 finished (5m 29.3s)
   Function value = 58299.79863

Generation 199 finished (5m 23.1s)
   Function value = 60514.37231

Generation 200 finished (5m 10.2s)
   Function value = 61508.65824

	Phase 2 finished (16h 58m 22.6s)
	Function value: 65410
	Parameter values: -8.07 -0.969 7.91 -1.32 -5.03 0.25 4.07 7.29 -2.9 0.356 -1.45 -1.83 -1.25 -3.3 -2.21 0.169 -2.24 -0.0391 -1.74 -0.488 -0.459 -3.35 -1.83 -1.82 -1.09 0.697 0.533 1.69 -0.292 2.78 2.64 0.184 -0.855 1.52 2.13 0.271 0.0171 1.2 1.6 1.83 1.45 1.86 1.05 1.01 1.78 0.788 1.98 0.808 0.92 1.85 1.13 1.55 1.58 1.85 0.997 1.58 1.39 0.977

- Phase 3: 153 out of 758 parameters are currently active.
	Started at Thu May  7 21:55:07 2026.

	Using optimization method 'AHR-ES'.
Optimizing 'popsize' to work with 23 cores...
	Optimal population size (19) has been increased to 23.

Generation   1 finished (4m 54.6s)
   Function value = 62561.93984

Generation   2 finished (3m 48.8s)
   Function value = 74293.93806

Generation   3 finished (4m 29.8s)
   Function value = 140821.4994

Generation   4 finished (4m 2.4s)
   Function value = 139517.9645

Generation   5 finished (4m 40.1s)
   Function value = 147552.1672

Generation   6 finished (3m 55.6s)
   Function value = 133501.0501

Generation   7 finished (3m 53.7s)
   Function value = 135812.0061

Generation   8 finished (4m 57.6s)
   Function value = 125897.1045

Generation   9 finished (4m 21.8s)
   Function value = 97812.40818

Generation  10 finished (3m 45.2s)
   Function value = 121194.5742

Generation  11 finished (4m 26.2s)
   Function value = 95686.75589

Generation  12 finished (4m 31.8s)
   Function value = 112745.1646

Generation  13 finished (4m 59.8s)
   Function value = 100213.4438

Generation  14 finished (4m 9.8s)
   Function value = 90434.10535

Generation  15 finished (5m 3.6s)
   Function value = 96225.3933

Generation  16 finished (3m 47.3s)
   Function value = 112446.0791

Generation  17 finished (4m 24.8s)
   Function value = 118304.8882

Generation  18 finished (5m 0.8s)
   Function value = 124326.467

Generation  19 finished (4m 24.6s)
   Function value = 83499.29875

Generation  20 finished (5m 0.6s)
   Function value = 108147.0463

Generation  21 finished (4m 22.7s)
   Function value = 103808.1822

Generation  22 finished (4m 9.0s)
   Function value = 115607.6824

Generation  23 finished (4m 29.2s)
   Function value = 102239.2629

Generation  24 finished (4m 31.2s)
   Function value = 101933.7161

Generation  25 finished (5m 38.0s)
   Function value = 116302.0347

Generation  26 finished (4m 3.4s)
   Function value = 99248.98261

Generation  27 finished (4m 30.6s)
   Function value = 105756.7855

Generation  28 finished (4m 37.6s)
   Function value = 101423.3781

Generation  29 finished (5m 6.6s)
   Function value = 95981.07929

Generation  30 finished (4m 24.4s)
   Function value = 95005.2324

Generation  31 finished (5m 14.1s)
   Function value = 95284.61487

Generation  32 finished (4m 33.4s)
   Function value = 88976.92779

Generation  33 finished (4m 48.9s)
   Function value = 96260.73906

Generation  34 finished (4m 31.7s)
   Function value = 117789.9523

Generation  35 finished (4m 54.1s)
   Function value = 98189.2004

Generation  36 finished (4m 31.0s)
   Function value = 106388.468

Generation  37 finished (4m 56.9s)
   Function value = 108787.3102

Generation  38 finished (4m 49.8s)
   Function value = 111048.9142

Generation  39 finished (5m 1.2s)
   Function value = 110891.2122

Generation  40 finished (4m 8.1s)
   Function value = 107920.3516

Generation  41 finished (4m 58.5s)
   Function value = 109960.8109

Generation  42 finished (4m 45.5s)
   Function value = 119668.587

Generation  43 finished (4m 35.1s)
   Function value = 103209.5535

Generation  44 finished (4m 17.0s)
   Function value = 116045.2042

Generation  45 finished (4m 26.5s)
   Function value = 98981.78397

Generation  46 finished (4m 38.2s)
   Function value = 105319.4016

Generation  47 finished (4m 31.0s)
   Function value = 104220.5954

Generation  48 finished (5m 10.3s)
   Function value = 95430.47727

Generation  49 finished (4m 39.6s)
   Function value = 100789.3359

Generation  50 finished (5m 3.0s)
   Function value = 101664.1588

Generation  51 finished (4m 54.2s)
   Function value = 96551.04211

Generation  52 finished (4m 18.7s)
   Function value = 92472.17647

Generation  53 finished (4m 35.7s)
   Function value = 90806.52263

Generation  54 finished (4m 6.3s)
   Function value = 100108.032

Generation  55 finished (4m 49.8s)
   Function value = 91107.98503

Generation  56 finished (4m 46.3s)
   Function value = 80640.75936

Generation  57 finished (4m 14.8s)
   Function value = 90982.63146

Generation  58 finished (5m 15.4s)
   Function value = 89860.11737

Generation  59 finished (4m 49.6s)
   Function value = 88648.00424

Generation  60 finished (5m 4.1s)
   Function value = 94937.78209

Generation  61 finished (4m 21.2s)
   Function value = 94909.57623

Generation  62 finished (5m 4.7s)
   Function value = 92734.32201

Generation  63 finished (4m 44.4s)
   Function value = 92144.21129

Generation  64 finished (5m 39.9s)
   Function value = 93947.54529

Generation  65 finished (5m 9.5s)
   Function value = 90148.1705

Generation  66 finished (4m 33.6s)
   Function value = 90497.09504

Generation  67 finished (5m 29.9s)
   Function value = 91943.60031

Generation  68 finished (5m 17.2s)
   Function value = 86993.58334

Generation  69 finished (5m 24.1s)
   Function value = 91740.09587

Generation  70 finished (5m 24.1s)
   Function value = 89887.09997

Generation  71 finished (4m 53.0s)
   Function value = 91070.68457

Generation  72 finished (5m 28.2s)
   Function value = 91104.60427

Generation  73 finished (4m 44.5s)
   Function value = 91096.04539

Generation  74 finished (5m 14.7s)
   Function value = 89171.88983

Generation  75 finished (4m 46.3s)
   Function value = 89034.57859

Generation  76 finished (5m 22.6s)
   Function value = 89745.20972

Generation  77 finished (5m 14.0s)
   Function value = 89780.1539

Generation  78 finished (5m 31.0s)
   Function value = 88549.20979

Generation  79 finished (4m 46.5s)
   Function value = 89419.82521

Generation  80 finished (4m 39.6s)
   Function value = 91090.46807

Generation  81 finished (4m 44.8s)
   Function value = 90195.97927

Generation  82 finished (5m 9.2s)
   Function value = 89749.13233

Generation  83 finished (5m 9.2s)
   Function value = 86732.24647

Generation  84 finished (4m 17.1s)
   Function value = 85625.25416

Generation  85 finished (4m 55.9s)
   Function value = 88609.6078

Generation  86 finished (5m 20.4s)
   Function value = 86153.90412

Generation  87 finished (4m 56.8s)
   Function value = 84953.95215

Generation  88 finished (5m 36.7s)
   Function value = 86007.7264

Generation  89 finished (4m 35.8s)
   Function value = 85913.43891

Generation  90 finished (5m 18.5s)
   Function value = 86489.6212

Generation  91 finished (5m 4.2s)
   Function value = 88049.8318

Generation  92 finished (5m 3.6s)
   Function value = 86484.05719

Generation  93 finished (4m 26.0s)
   Function value = 83461.3275

Generation  94 finished (4m 54.3s)
   Function value = 86737.79183

Generation  95 finished (5m 11.4s)
   Function value = 85679.22312

Generation  96 finished (4m 42.1s)
   Function value = 84777.81023

Generation  97 finished (4m 47.1s)
   Function value = 83124.502

Generation  98 finished (4m 57.5s)
   Function value = 85820.62777

Generation  99 finished (4m 55.0s)
   Function value = 84420.57143

Generation 100 finished (4m 38.9s)
   Function value = 76042.82634

Generation 101 finished (5m 27.3s)
   Function value = 82862.4652

Generation 102 finished (4m 59.4s)
   Function value = 78690.03045

Generation 103 finished (5m 15.1s)
   Function value = 76094.13118

Generation 104 finished (5m 19.6s)
   Function value = 72933.80308

Generation 105 finished (5m 15.6s)
   Function value = 74456.17238

Generation 106 finished (4m 52.8s)
   Function value = 73475.23206

Generation 107 finished (5m 27.3s)
   Function value = 73159.38702

Generation 108 finished (5m 11.4s)
   Function value = 73460.42883

Generation 109 finished (4m 43.4s)
   Function value = 72798.80253

Generation 110 finished (4m 41.8s)
   Function value = 72450.57748

Generation 111 finished (4m 59.3s)
   Function value = 73988.04346

Generation 112 finished (4m 53.1s)
   Function value = 72075.74854

Generation 113 finished (5m 3.7s)
   Function value = 72567.33903

Generation 114 finished (5m 16.6s)
   Function value = 73736.02914

Generation 115 finished (5m 27.7s)
   Function value = 73140.29802

Generation 116 finished (4m 46.8s)
   Function value = 72572.41965

Generation 117 finished (4m 52.3s)
   Function value = 74042.17961

Generation 118 finished (4m 25.9s)
   Function value = 73371.46655

Generation 119 finished (4m 46.1s)
   Function value = 74768.38579

Generation 120 finished (4m 40.5s)
   Function value = 72231.54249

Generation 121 finished (4m 15.6s)
   Function value = 71544.79486

Generation 122 finished (5m 17.2s)
   Function value = 72601.20779

Generation 123 finished (4m 23.5s)
   Function value = 73424.67757

Generation 124 finished (4m 26.2s)
   Function value = 73394.79258

Generation 125 finished (4m 57.5s)
   Function value = 72403.61191

Generation 126 finished (5m 27.8s)
   Function value = 72574.95423

Generation 127 finished (4m 42.8s)
   Function value = 71280.27621

Generation 128 finished (4m 37.0s)
   Function value = 70903.08822

Generation 129 finished (4m 32.5s)
   Function value = 72240.19182

Generation 130 finished (5m 23.0s)
   Function value = 71159.15482

Generation 131 finished (5m 6.2s)
   Function value = 71621.23027

Generation 132 finished (4m 42.4s)
   Function value = 70328.94729

Generation 133 finished (4m 47.0s)
   Function value = 71046.25063

Generation 134 finished (4m 25.7s)
   Function value = 72310.53629

Generation 135 finished (5m 29.9s)
   Function value = 71955.48315

Generation 136 finished (5m 6.9s)
   Function value = 72171.08487

Generation 137 finished (4m 48.5s)
   Function value = 71743.51856

Generation 138 finished (5m 29.6s)
   Function value = 73021.26183

Generation 139 finished (4m 54.7s)
   Function value = 68607.41979

Generation 140 finished (5m 6.9s)
   Function value = 70912.18937

Generation 141 finished (4m 50.5s)
   Function value = 71014.68805

Generation 142 finished (4m 35.6s)
   Function value = 69677.65628

Generation 143 finished (4m 40.2s)
   Function value = 69932.82204

Generation 144 finished (4m 44.0s)
   Function value = 69885.88918

Generation 145 finished (5m 22.5s)
   Function value = 70592.42204

Generation 146 finished (4m 19.1s)
   Function value = 70259.41645

Generation 147 finished (4m 45.0s)
   Function value = 69513.25879

Generation 148 finished (4m 50.4s)
   Function value = 70594.21613

Generation 149 finished (4m 38.6s)
   Function value = 69979.45047

Generation 150 finished (4m 36.5s)
   Function value = 62642.89243

Generation 151 finished (4m 57.0s)
   Function value = 68963.03618

Generation 152 finished (5m 2.0s)
   Function value = 69067.13827

Generation 153 finished (4m 46.0s)
   Function value = 68190.41386

Generation 154 finished (5m 30.6s)
   Function value = 57292.38603

Generation 155 finished (4m 54.6s)
   Function value = 52521.85019

Generation 156 finished (4m 55.6s)
   Function value = 68252.00735

Generation 157 finished (5m 34.7s)
   Function value = 67455.51953

Generation 158 finished (5m 40.7s)
   Function value = 70688.12541

Generation 159 finished (5m 40.4s)
   Function value = 71273.27212

Generation 160 finished (5m 26.3s)
   Function value = 71782.08772

Generation 161 finished (5m 6.2s)
   Function value = 62782.22126

Generation 162 finished (4m 48.7s)
   Function value = 69868.94262

Generation 163 finished (5m 5.6s)
   Function value = 70749.90731

Generation 164 finished (5m 19.7s)
   Function value = 69031.24371

Generation 165 finished (4m 52.4s)
   Function value = 68488.81767

Generation 166 finished (4m 51.2s)
   Function value = 49503.49712

Generation 167 finished (5m 27.8s)
   Function value = 67674.05418

Generation 168 finished (4m 47.5s)
   Function value = 68565.33323

Generation 169 finished (4m 46.5s)
   Function value = 60205.47445

Generation 170 finished (4m 41.1s)
   Function value = 66387.41076

Generation 171 finished (4m 48.5s)
   Function value = 52801.56628

Generation 172 finished (4m 42.7s)
   Function value = 68336.26794

Generation 173 finished (4m 49.8s)
   Function value = 66837.21602

Generation 174 finished (4m 47.8s)
   Function value = 68031.62269

Generation 175 finished (5m 21.1s)
   Function value = 61195.81781

Generation 176 finished (5m 26.7s)
   Function value = 67584.43007

Generation 177 finished (4m 37.4s)
   Function value = 54906.1384

Generation 178 finished (4m 42.0s)
   Function value = 69115.36454

Generation 179 finished (5m 8.2s)
   Function value = 67957.69244

Generation 180 finished (5m 3.2s)
   Function value = 69334.47564

Generation 181 finished (4m 58.1s)
   Function value = 66491.75398

Generation 182 finished (4m 35.4s)
   Function value = 69000.64917

Generation 183 finished (5m 27.7s)
   Function value = 67784.43618

Generation 184 finished (5m 15.3s)
   Function value = 57655.61812

Generation 185 finished (4m 51.3s)
   Function value = 66913.88082

Generation 186 finished (5m 7.4s)
   Function value = 63314.68558

Generation 187 finished (4m 40.7s)
   Function value = 66156.72412

Generation 188 finished (5m 24.5s)
   Function value = 62826.27599

Generation 189 finished (5m 6.7s)
   Function value = 67654.01889

Generation 190 finished (4m 44.6s)
   Function value = 67604.42553

Generation 191 finished (4m 53.1s)
   Function value = 62048.6867

Generation 192 finished (5m 6.1s)
   Function value = 66847.37724

Generation 193 finished (5m 1.0s)
   Function value = 57844.67578

Generation 194 finished (4m 52.5s)
   Function value = 67017.44856

Generation 195 finished (5m 4.7s)
   Function value = 67817.79587

Generation 196 finished (5m 16.3s)
   Function value = 56648.33543

Generation 197 finished (5m 13.3s)
   Function value = 67689.27741

Generation 198 finished (4m 54.7s)
   Function value = 66814.74023

Generation 199 finished (5m 3.2s)
   Function value = 67521.81372

Generation 200 finished (5m 36.7s)
   Function value = 65870.5163

Generation 201 finished (5m 10.4s)
   Function value = 66855.97221

Generation 202 finished (4m 36.8s)
   Function value = 66890.34534

Generation 203 finished (5m 33.4s)
   Function value = 58521.10242

Generation 204 finished (5m 6.8s)
   Function value = 60179.3524

Generation 205 finished (5m 3.9s)
   Function value = 66605.63907

Generation 206 finished (5m 7.0s)
   Function value = 67601.34501

Generation 207 finished (5m 6.6s)
   Function value = 65982.01051

Generation 208 finished (5m 1.8s)
   Function value = 66869.13467

Generation 209 finished (4m 42.9s)
   Function value = 66183.36464

Generation 210 finished (4m 53.8s)
   Function value = 51730.02426

Generation 211 finished (4m 21.8s)
   Function value = 66573.4502

Generation 212 finished (5m 1.2s)
   Function value = 62089.42741

Generation 213 finished (5m 7.0s)
   Function value = 59115.7663

Generation 214 finished (5m 4.3s)
   Function value = 68337.37405

Generation 215 finished (4m 25.9s)
   Function value = 67748.06822

Generation 216 finished (5m 2.6s)
   Function value = 65191.86103

Generation 217 finished (5m 21.9s)
   Function value = 59158.97597

Generation 218 finished (4m 28.1s)
   Function value = 62193.49723

Generation 219 finished (4m 32.6s)
   Function value = 66726.58043

Generation 220 finished (4m 53.4s)
   Function value = 42041.58228

Generation 221 finished (4m 40.9s)
   Function value = 59055.54293

Generation 222 finished (4m 28.4s)
   Function value = 61166.14714

Generation 223 finished (5m 27.5s)
   Function value = 67236.30534

Generation 224 finished (5m 24.9s)
   Function value = 66986.33569

Generation 225 finished (5m 12.7s)
   Function value = 65858.5906

Generation 226 finished (5m 11.2s)
   Function value = 65792.15457

Generation 227 finished (4m 49.4s)
   Function value = 54562.03201

Generation 228 finished (4m 51.8s)
   Function value = 57480.11993

Generation 229 finished (4m 49.2s)
   Function value = 55323.36634

Generation 230 finished (5m 8.7s)
   Function value = 55966.57461

Generation 231 finished (5m 41.2s)
   Function value = 56758.89889

Generation 232 finished (5m 20.9s)
   Function value = 51546.43351

Generation 233 finished (4m 52.0s)
   Function value = 54120.10325

Generation 234 finished (5m 11.2s)
   Function value = 59396.66399

Generation 235 finished (4m 57.3s)
   Function value = 55903.25104

Generation 236 finished (5m 7.8s)
   Function value = 66018.13966

Generation 237 finished (4m 22.0s)
   Function value = 65115.74222

Generation 238 finished (5m 0.1s)
   Function value = 56884.74594

Generation 239 finished (5m 1.3s)
   Function value = 50873.19387

Generation 240 finished (5m 20.3s)
   Function value = 63807.24743

Generation 241 finished (5m 6.8s)
   Function value = 64225.92165

Generation 242 finished (4m 32.1s)
   Function value = 64954.43108

Generation 243 finished (5m 11.7s)
   Function value = 60157.88965

Generation 244 finished (4m 28.1s)
   Function value = 66929.02939

Generation 245 finished (5m 40.9s)
   Function value = 65213.52166

Generation 246 finished (5m 8.2s)
   Function value = 55423.0163

Generation 247 finished (4m 59.5s)
   Function value = 51434.18698

Generation 248 finished (5m 14.2s)
   Function value = 54840.55248

Generation 249 finished (5m 14.3s)
   Function value = 54182.01858

Generation 250 finished (4m 57.5s)
   Function value = 62993.09365

Generation 251 finished (4m 21.3s)
   Function value = 54947.26459

Generation 252 finished (5m 7.8s)
   Function value = 51053.91596

Generation 253 finished (4m 51.2s)
   Function value = 67210.29811

Generation 254 finished (4m 52.0s)
   Function value = 66551.46993

Generation 255 finished (4m 33.5s)
   Function value = 62357.40388

Generation 256 finished (5m 16.9s)
   Function value = 62314.78082

Generation 257 finished (5m 19.9s)
   Function value = 52576.88222

Generation 258 finished (5m 8.9s)
   Function value = 57064.91145

Generation 259 finished (5m 2.7s)
   Function value = 54391.8186

Generation 260 finished (5m 19.0s)
   Function value = 64216.38396

Generation 261 finished (5m 9.8s)
   Function value = 56007.35041

Generation 262 finished (5m 31.7s)
   Function value = 58003.95945

Generation 263 finished (5m 13.8s)
   Function value = 61253.28696

Generation 264 finished (4m 42.8s)
   Function value = 45018.01604

Generation 265 finished (5m 5.8s)
   Function value = 57173.36174

Generation 266 finished (4m 17.5s)
   Function value = 64400.6496

Generation 267 finished (4m 60.0s)
   Function value = 51857.79186

Generation 268 finished (4m 47.0s)
   Function value = 51318.86804

Generation 269 finished (4m 18.2s)
   Function value = 57199.20697

Generation 270 finished (5m 14.8s)
   Function value = 63947.32469

Generation 271 finished (5m 2.0s)
   Function value = 65184.36797

Generation 272 finished (5m 9.5s)
   Function value = 63733.33796

Generation 273 finished (4m 44.0s)
   Function value = 62863.96965

Generation 274 finished (4m 58.3s)
   Function value = 50705.66451

Generation 275 finished (4m 49.4s)
   Function value = 63108.16348

Generation 276 finished (4m 38.5s)
   Function value = 64032.79455

Generation 277 finished (5m 11.0s)
   Function value = 60827.89799

Generation 278 finished (4m 59.7s)
   Function value = 61093.61068

Generation 279 finished (4m 48.8s)
   Function value = 47604.72348

Generation 280 finished (4m 56.1s)
   Function value = 64423.0033

Generation 281 finished (5m 14.4s)
   Function value = 65049.64366

Generation 282 finished (4m 32.2s)
   Function value = 60449.52293

Generation 283 finished (5m 17.1s)
   Function value = 53550.02333

Generation 284 finished (5m 21.8s)
   Function value = 61410.82811

Generation 285 finished (5m 6.6s)
   Function value = 63396.88868

Generation 286 finished (5m 14.6s)
   Function value = 59881.99534

Generation 287 finished (5m 17.0s)
   Function value = 63295.12397

Generation 288 finished (4m 42.0s)
   Function value = 64449.83438

Generation 289 finished (5m 3.3s)
   Function value = 54286.87343

Generation 290 finished (5m 15.0s)
   Function value = 54852.51896

Generation 291 finished (5m 5.5s)
   Function value = 49011.37077

Generation 292 finished (5m 3.1s)
   Function value = 53906.93137

Generation 293 finished (5m 15.8s)
   Function value = 62302.46554

Generation 294 finished (4m 53.3s)
   Function value = 53393.60493

Generation 295 finished (4m 41.8s)
   Function value = 61133.22835

Generation 296 finished (4m 51.5s)
   Function value = 63589.8873

Generation 297 finished (5m 5.5s)
   Function value = 64403.15844

Generation 298 finished (4m 44.9s)
   Function value = 53176.98159

Generation 299 finished (5m 22.8s)
   Function value = 63455.96587

Generation 300 finished (5m 8.2s)
   Function value = 51329.69818

Generation 301 finished (5m 7.6s)
   Function value = 63573.44019

Generation 302 finished (4m 26.6s)
   Function value = 63430.89699

Generation 303 finished (5m 25.2s)
   Function value = 58206.14634

Generation 304 finished (5m 23.3s)
   Function value = 58223.38582

Generation 305 finished (4m 57.2s)
   Function value = 63589.96963

Generation 306 finished (5m 22.4s)
   Function value = 62138.17173

Generation 307 finished (4m 42.9s)
   Function value = 63002.38134

Generation 308 finished (5m 10.7s)
   Function value = 61869.70669

Generation 309 finished (5m 2.7s)
   Function value = 62413.10731

Generation 310 finished (5m 19.0s)
   Function value = 63508.84157

Generation 311 finished (4m 18.7s)
   Function value = 63963.43027

Generation 312 finished (5m 0.7s)
   Function value = 55744.94079

Generation 313 finished (4m 56.5s)
   Function value = 56410.565

Generation 314 finished (4m 53.4s)
   Function value = 60613.37153

Generation 315 finished (4m 35.0s)
   Function value = 63460.01478

Generation 316 finished (4m 48.4s)
   Function value = 63818.13181

Generation 317 finished (5m 24.5s)
   Function value = 61662.15176

Generation 318 finished (5m 3.6s)
   Function value = 62735.11639

Generation 319 finished (5m 23.3s)
   Function value = 47578.96755

Generation 320 finished (4m 24.1s)
   Function value = 63070.7691

Generation 321 finished (4m 59.9s)
   Function value = 58820.5739

Generation 322 finished (4m 48.0s)
   Function value = 63015.19986

Generation 323 finished (4m 37.0s)
   Function value = 60411.45307

Generation 324 finished (4m 45.9s)
   Function value = 60431.38047

Generation 325 finished (4m 35.0s)
   Function value = 52028.38747

Generation 326 finished (5m 0.3s)
   Function value = 62638.06927

Generation 327 finished (5m 27.2s)
   Function value = 55157.35716

Generation 328 finished (5m 5.8s)
   Function value = 50697.7849

Generation 329 finished (5m 8.2s)
   Function value = 53078.60475

Generation 330 finished (5m 9.5s)
   Function value = 60299.42513

Generation 331 finished (4m 56.6s)
   Function value = 47152.36309

Generation 332 finished (4m 30.8s)
   Function value = 53624.29804

Generation 333 finished (5m 7.5s)
   Function value = 63415.65952

Generation 334 finished (5m 20.0s)
   Function value = 54093.85655

Generation 335 finished (5m 18.2s)
   Function value = 47459.55605

Generation 336 finished (5m 13.4s)
   Function value = 58662.73035

Generation 337 finished (5m 15.2s)
   Function value = 52312.89917

Generation 338 finished (4m 33.0s)
   Function value = 50320.68641

Generation 339 finished (5m 6.2s)
   Function value = 58504.45414

Generation 340 finished (4m 29.1s)
   Function value = 50265.9234

Generation 341 finished (5m 11.6s)
   Function value = 50555.84683

Generation 342 finished (5m 15.7s)
   Function value = 62034.9274

Generation 343 finished (5m 26.5s)
   Function value = 56167.50148

Generation 344 finished (5m 12.4s)
   Function value = 57369.19068

Generation 345 finished (4m 58.3s)
   Function value = 60202.56262

Generation 346 finished (4m 52.0s)
   Function value = 62409.61716

Generation 347 finished (5m 8.0s)
   Function value = 50738.32339

Generation 348 finished (5m 26.2s)
   Function value = 61477.50617

Generation 349 finished (5m 4.2s)
   Function value = 57554.40118

Generation 350 finished (4m 43.4s)
   Function value = 46936.1155

Generation 351 finished (4m 58.8s)
   Function value = 54762.93939

Generation 352 finished (5m 3.2s)
   Function value = 59144.04107

Generation 353 finished (5m 18.4s)
   Function value = 60289.39743

Generation 354 finished (5m 11.3s)
   Function value = 61676.24083

Generation 355 finished (4m 30.9s)
   Function value = 50764.26382

Generation 356 finished (5m 12.7s)
   Function value = 44914.71328

Generation 357 finished (5m 31.8s)
   Function value = 51241.86118

Generation 358 finished (5m 7.0s)
   Function value = 53213.09638

Generation 359 finished (4m 59.6s)
   Function value = 50405.88662

Generation 360 finished (5m 15.3s)
   Function value = 57427.00895

Generation 361 finished (5m 9.9s)
   Function value = 61763.30698

Generation 362 finished (5m 4.8s)
   Function value = 54570.72357

Generation 363 finished (5m 21.6s)
   Function value = 61316.57376

Generation 364 finished (5m 24.8s)
   Function value = 48104.55663

Generation 365 finished (4m 55.0s)
   Function value = 52161.97925

Generation 366 finished (4m 57.2s)
   Function value = 61058.67768

Generation 367 finished (5m 3.7s)
   Function value = 60221.86015

Generation 368 finished (4m 35.9s)
   Function value = 51899.18074

Generation 369 finished (5m 33.1s)
   Function value = 49768.59517

Generation 370 finished (4m 42.4s)
   Function value = 46715.88062

Generation 371 finished (4m 55.6s)
   Function value = 60811.9992

Generation 372 finished (5m 10.7s)
   Function value = 61223.75705

Generation 373 finished (5m 24.6s)
   Function value = 47265.27424

Generation 374 finished (5m 35.2s)
   Function value = 52841.13618

Generation 375 finished (5m 36.1s)
   Function value = 62135.86003

Generation 376 finished (4m 50.8s)
   Function value = 47808.64213

Generation 377 finished (5m 14.2s)
   Function value = 53128.50688

Generation 378 finished (5m 13.4s)
   Function value = 49179.03544

Generation 379 finished (5m 17.3s)
   Function value = 49973.63026

Generation 380 finished (4m 49.2s)
   Function value = 58752.19684

Generation 381 finished (4m 38.5s)
   Function value = 59885.65398

Generation 382 finished (4m 20.0s)
   Function value = 59867.0208

Generation 383 finished (5m 3.8s)
   Function value = 44609.50797

Generation 384 finished (5m 12.5s)
   Function value = 53402.88879

Generation 385 finished (5m 1.4s)
   Function value = 59676.54854

Generation 386 finished (4m 29.6s)
   Function value = 44464.41079

Generation 387 finished (4m 56.0s)
   Function value = 55591.00076

Generation 388 finished (5m 13.3s)
   Function value = 52915.1882

Generation 389 finished (5m 4.7s)
   Function value = 51938.34319

Generation 390 finished (4m 42.6s)
   Function value = 62102.83219

Generation 391 finished (5m 6.9s)
   Function value = 61970.14068

Generation 392 finished (5m 15.2s)
   Function value = 51468.50365

Generation 393 finished (5m 23.0s)
   Function value = 61584.83839

Generation 394 finished (5m 21.7s)
   Function value = 47293.42426

Generation 395 finished (5m 10.4s)
   Function value = 57951.27847

Generation 396 finished (5m 13.3s)
   Function value = 61856.44073

Generation 397 finished (4m 52.7s)
   Function value = 47956.33102

Generation 398 finished (5m 8.4s)
   Function value = 62214.09884

Generation 399 finished (5m 30.1s)
   Function value = 50126.68235

Generation 400 finished (5m 22.2s)
   Function value = 48928.15329

Generation 401 finished (5m 22.3s)
   Function value = 50154.8232

Generation 402 finished (5m 17.9s)
   Function value = 51393.36545

Generation 403 finished (4m 36.5s)
   Function value = 60457.68455

Generation 404 finished (5m 19.6s)
   Function value = 53359.90868

Generation 405 finished (5m 13.3s)
   Function value = 49805.42639

Generation 406 finished (5m 7.3s)
   Function value = 57347.54349

Generation 407 finished (5m 10.6s)
   Function value = 58486.61546

Generation 408 finished (5m 27.6s)
   Function value = 53814.1143

Generation 409 finished (5m 42.8s)
   Function value = 45129.54603

Generation 410 finished (5m 37.9s)
   Function value = 43875.62988

Generation 411 finished (5m 38.2s)
   Function value = 53004.59139

Generation 412 finished (4m 52.5s)
   Function value = 60844.32964

Generation 413 finished (4m 43.7s)
   Function value = 49097.83678

Generation 414 finished (5m 12.1s)
   Function value = 49056.55945

Generation 415 finished (4m 38.6s)
   Function value = 51644.93635

Generation 416 finished (5m 7.8s)
   Function value = 49853.30495

Generation 417 finished (5m 9.5s)
   Function value = 61064.91098

Generation 418 finished (5m 4.8s)
   Function value = 46292.71919

Generation 419 finished (5m 12.2s)
   Function value = 47810.69161

Generation 420 finished (5m 15.4s)
   Function value = 50834.4058

Generation 421 finished (5m 10.2s)
   Function value = 61887.9187

Generation 422 finished (5m 10.2s)
   Function value = 48694.70513

Generation 423 finished (5m 24.0s)
   Function value = 51282.32881

Generation 424 finished (4m 56.9s)
   Function value = 48136.50676

Generation 425 finished (5m 0.4s)
   Function value = 48209.66641

Generation 426 finished (5m 29.5s)
   Function value = 60302.01481

Generation 427 finished (5m 12.0s)
   Function value = 50872.142

Generation 428 finished (5m 35.0s)
   Function value = 60895.22417

Generation 429 finished (5m 1.3s)
   Function value = 55370.86104

Generation 430 finished (4m 36.1s)
   Function value = 43743.25358

Generation 431 finished (5m 0.8s)
   Function value = 61310.04869

Generation 432 finished (5m 19.3s)
   Function value = 48558.55336

Generation 433 finished (5m 8.1s)
   Function value = 49963.03935

Generation 434 finished (4m 45.1s)
   Function value = 49756.77062

Generation 435 finished (5m 22.5s)
   Function value = 54504.20208

Generation 436 finished (5m 20.7s)
   Function value = 56573.66601

Generation 437 finished (5m 16.3s)
   Function value = 53326.8811

Generation 438 finished (5m 25.3s)
   Function value = 54418.33668

Generation 439 finished (5m 27.9s)
   Function value = 46827.41604

Generation 440 finished (4m 48.7s)
   Function value = 54977.97342

Generation 441 finished (4m 55.7s)
   Function value = 52769.35476

Generation 442 finished (4m 53.0s)
   Function value = 53777.01261

Generation 443 finished (4m 46.1s)
   Function value = 48135.51293

Generation 444 finished (5m 12.7s)
   Function value = 57672.12484

Generation 445 finished (4m 36.6s)
   Function value = 58718.03497

Generation 446 finished (5m 9.3s)
   Function value = 57697.60509

Generation 447 finished (5m 8.8s)
   Function value = 52639.50867

Generation 448 finished (5m 28.5s)
   Function value = 60598.05115

Generation 449 finished (4m 55.4s)
   Function value = 57334.41552

Generation 450 finished (5m 11.6s)
   Function value = 44082.5368

Generation 451 finished (5m 24.8s)
   Function value = 60559.12703

Generation 452 finished (5m 28.8s)
   Function value = 48727.81293

Generation 453 finished (5m 8.3s)
   Function value = 49318.87366

Generation 454 finished (4m 30.9s)
   Function value = 58035.79777

Generation 455 finished (5m 15.1s)
   Function value = 60457.19288

Generation 456 finished (4m 51.1s)
   Function value = 47339.82275

Generation 457 finished (5m 27.4s)
   Function value = 51479.85074

Generation 458 finished (4m 57.9s)
   Function value = 52716.28441

Generation 459 finished (4m 55.8s)
   Function value = 48368.40433

Generation 460 finished (4m 40.1s)
   Function value = 50756.0651

Generation 461 finished (5m 19.5s)
   Function value = 48400.83526

Generation 462 finished (5m 10.6s)
   Function value = 50089.47081

Generation 463 finished (5m 26.0s)
   Function value = 50778.16784

Generation 464 finished (5m 20.1s)
   Function value = 60982.07271

Generation 465 finished (5m 23.4s)
   Function value = 61742.59056

Generation 466 finished (4m 55.3s)
   Function value = 56332.31979

Generation 467 finished (5m 22.6s)
   Function value = 43812.87522

Generation 468 finished (5m 25.5s)
   Function value = 59858.52674

Generation 469 finished (4m 42.4s)
   Function value = 40770.79195

Generation 470 finished (5m 17.3s)
   Function value = 44975.50744

Generation 471 finished (5m 33.9s)
   Function value = 45019.18997

Generation 472 finished (5m 33.8s)
   Function value = 55873.74757

Generation 473 finished (4m 36.8s)
   Function value = 55095.97743

Generation 474 finished (5m 35.8s)
   Function value = 48771.37508

Generation 475 finished (5m 13.0s)
   Function value = 58306.11885

Generation 476 finished (5m 20.2s)
   Function value = 57531.04205

Generation 477 finished (5m 39.2s)
   Function value = 56742.65995

Generation 478 finished (5m 23.7s)
   Function value = 49419.97474

Generation 479 finished (5m 32.2s)
   Function value = 50362.92181

Generation 480 finished (5m 14.8s)
   Function value = 59158.20613

Generation 481 finished (5m 18.9s)
   Function value = 53621.18494

Generation 482 finished (4m 56.3s)
   Function value = 42767.03315

Generation 483 finished (5m 15.5s)
   Function value = 60568.66643

Generation 484 finished (5m 17.9s)
   Function value = 45478.80714

Generation 485 finished (5m 17.1s)
   Function value = 62176.28029

Generation 486 finished (5m 6.1s)
   Function value = 60842.63775

Generation 487 finished (4m 53.7s)
   Function value = 59226.75603

Generation 488 finished (5m 3.5s)
   Function value = 45418.80269

Generation 489 finished (5m 8.4s)
   Function value = 48187.10096

Generation 490 finished (5m 35.4s)
   Function value = 56147.74403

Generation 491 finished (4m 45.8s)
   Function value = 60745.49161

Generation 492 finished (5m 36.1s)
   Function value = 45200.36475

Generation 493 finished (5m 15.8s)
   Function value = 51287.60576

Generation 494 finished (5m 56.0s)
   Function value = 48357.71691

Generation 495 finished (5m 22.5s)
   Function value = 49245.52433

Generation 496 finished (5m 16.1s)
   Function value = 51835.72849

Generation 497 finished (5m 15.3s)
   Function value = 45441.39479

Generation 498 finished (5m 17.0s)
   Function value = 44835.92546

Generation 499 finished (4m 45.0s)
   Function value = 46932.00843

Generation 500 finished (5m 47.0s)
   Function value = 49767.22348

	Phase 3 finished (41h 45m 1.9s)
	Function value: 62553.2
	Parameter values: -8.68 -0.607 9.21 0.862 -0.581 -1.52 1.08 -0.955 -2.07 0.527 -2.45 -0.485 -1.16 -3.17 -3.4 0.146 -2.8 0.18 -1.73 -1.04 0.56 -3.78 -1.89 -1.09 -0.428 0.832 0.242 0.454 0.284 2.73 2.17 0.404 -0.201 0.622 2.01 0.536 -0.757 0.425 0.52 1.13 1.83 1.43 1.3 1.1 1.66 0.802 1.77 0.9 1.05 1.84 1.73 1.32 1.88 1.93 0.73 1.57 0.828 1.42 -1.51 1.24 -0.204 -0.554 -0.386 -0.256 -0.727 -0.245 -0.184 -1.1 -0.53 -0.858 -1.64 -1.47 -0.758 -0.557 -0.155 -1.52 -0.878 -0.264 -0.251 -1.16 2.66 -2.38 -1.73 -0.0659 -0.467 -2.3 -2.32 -1.72 -2.27 -1.88 -2.11 -2.28 -2.28 -2.26 -2.17 -1.93 -2.31 -1.73 -2.49 -2.04 -2.39 -1.82 -2.28 -2.31 -2.32 1.72 -1.85 0.0158 -0.124 -2.03 -1.93 -2.31 -1.86 -1.79 -2.13 -2.11 -2.22 -1.66 -1.88 -1.76 -2.26 -1.85 -2.14 -2.08 -2.27 -1.73 -2.08 -2.38 -2.21 -0.326 -0.781 -0.198 -0.537 -0.517 -0.766 0.164 0.593 0.084 -0.0112 -0.168 -0.0616 -0.703 -0.0866 -0.449 -0.568 0.522 -0.724 -0.118 -0.1 0.0816 -1.62 -1.89 1.05

Status: Maximum number of generations or function evaluations reached.
